DEBUG Entities matched:    id  title    type           description community_ids text_unit_ids
0  e1  Alice  PERSON  A person named Alice          [c1]          [t1]
1  e2    Bob  PERSON    A person named Bob          [c1]      [t1, t2]
DEBUG community_ids: {'c1'}
DEBUG self.reports:   community_id          title                                    summary
0           c1  Park Visitors  A community of people who visit the park.
DEBUG reports:   community_id          title                                    summary
0           c1  Park Visitors  A community of people who visit the park.
--- Context Output ---
----- 社区报告 -----


----- 实体与关系 -----
Rel: e1 -> e2
Desc: Alice knows Bob


----- 回溯来源文本 -----
Text [t1]: Alice and Bob went to the park.

Text [t2]: Bob bought a coffee.

python : Traceback (most recent cal
l last):
所在位置 行:1 字符: 47
+ ... rag\kgrag"; python tests/test
_local_search.py > tests/test_outpu
t.txt ...
+                 ~~~~~~~~~~~~~~~~~
~~~~~~~~~~~~~~~~~~~~~~~~~~~~~~~~~~~
~~~~~
    + CategoryInfo          : NotS 
   pecified: (Traceback (most rec  
  ent call last)::String) [], Re   
 moteException
    + FullyQualifiedErrorId : Nati 
   veCommandError
 
  File "D:\projects\graphrag\kgrag\
tests\test_local_search.py", line 8
5, in <module>
    test_context_builder()
    ~~~~~~~~~~~~~~~~~~~~^^
  File "D:\projects\graphrag\kgrag\
tests\test_local_search.py", line 5
8, in test_context_builder
    assert "Park Visitors" in conte
xt
           ^^^^^^^^^^^^^^^^^^^^^^^^
^^
AssertionError
